   ━━━━━━━━━━━━━━━━━━━━━━━━━━━━━━━━━━━━━━━━ 491.5/491.5 kB 7.9 MB/s eta 0:00:00
   ━━━━━━━━━━━━━━━━━━━━━━━━━━━━━━━━━━━━━━━━ 1.1/1.1 MB 37.4 MB/s eta 0:00:00
   ━━━━━━━━━━━━━━━━━━━━━━━━━━━━━━━━━━━━━━━━ 35.8/35.8 MB 58.8 MB/s eta 0:00:00
   ━━━━━━━━━━━━━━━━━━━━━━━━━━━━━━━━━━━━━━━━ 39.5/39.5 MB 52.2 MB/s eta 0:00:00
   ━━━━━━━━━━━━━━━━━━━━━━━━━━━━━━━━━━━━━━━━ 116.3/116.3 kB 7.4 MB/s eta 0:00:00
   ━━━━━━━━━━━━━━━━━━━━━━━━━━━━━━━━━━━━━━━━ 19.2/19.2 MB 84.1 MB/s eta 0:00:00
   ━━━━━━━━━━━━━━━━━━━━━━━━━━━━━━━━━━━━━━━━ 3.1/3.1 MB 98.7 MB/s eta 0:00:00
ERROR: pip's dependency resolver does not currently take into account all the packages that are installed. This behaviour is the source of the following dependency conflicts.
tpot 1.1.0 requires dill>=0.3.9, but you have dill 0.3.8 which is incompatible.
Fetching 1 files:   0%|          | 0/1 [00:00<?, ?it/s]Fetching 1 files: 100%|██████████| 1/1 [00:00<00:00,  7.41it/s]Fetching 1 files: 100%|██████████| 1/1 [00:00<00:00,  7.40it/s]
ct2_out réparé : ['config.json', 'meta.json', 'model.bin', 'preprocessor_config.json', 'tokenizer.json', 'vocabulary.json']
Loading Casablanca:Algeria test …
Generating validation split:   0%|          | 0/844 [00:00<?, ? examples/s]Generating validation split:  12%|█▏        | 100/844 [00:00<00:05, 144.34 examples/s]Generating validation split:  24%|██▎       | 200/844 [00:00<00:02, 255.49 examples/s]Generating validation split:  36%|███▌      | 300/844 [00:01<00:01, 355.87 examples/s]Generating validation split:  62%|██████▏   | 522/844 [00:01<00:00, 384.29 examples/s]Generating validation split:  74%|███████▎  | 622/844 [00:01<00:00, 392.50 examples/s]Generating validation split:  86%|████████▌ | 722/844 [00:01<00:00, 441.17 examples/s]Generating validation split: 100%|██████████| 844/844 [00:02<00:00, 414.36 examples/s]
Generating test split:   0%|          | 0/843 [00:00<?, ? examples/s]Generating test split:  12%|█▏        | 100/843 [00:00<00:02, 338.49 examples/s]Generating test split:  24%|██▎       | 200/843 [00:00<00:01, 507.66 examples/s]Generating test split:  36%|███▌      | 300/843 [00:00<00:01, 540.48 examples/s]Generating test split:  62%|██████▏   | 522/843 [00:00<00:00, 575.60 examples/s]Generating test split:  74%|███████▍  | 622/843 [00:01<00:00, 639.25 examples/s]Generating test split:  86%|████████▌ | 722/843 [00:01<00:00, 692.29 examples/s]Generating test split: 100%|██████████| 843/843 [00:01<00:00, 674.20 examples/s]
test=831
Traceback (most recent call last):
  File "/kaggle/src/script.py", line 113, in <module>
    new_wer,  new_cer  = fw_eval(DST, test, "FT_LARGE_V3_V7")
                         ^^^^^^^^^^^^^^^^^^^^^^^^^^^^^^^^^^^^
  File "/kaggle/src/script.py", line 105, in fw_eval
    hyps.append(" ".join(s.text.strip() for s in segs))
                ^^^^^^^^^^^^^^^^^^^^^^^^^^^^^^^^^^^^^^
  File "/kaggle/src/script.py", line 105, in <genexpr>
    hyps.append(" ".join(s.text.strip() for s in segs))
                                                 ^^^^
  File "/usr/local/lib/python3.12/dist-packages/faster_whisper/transcribe.py", line 1190, in generate_segments
    encoder_output = self.encode(segment)
                     ^^^^^^^^^^^^^^^^^^^^
  File "/usr/local/lib/python3.12/dist-packages/faster_whisper/transcribe.py", line 1400, in encode
    return self.model.encode(features, to_cpu=to_cpu)
           ^^^^^^^^^^^^^^^^^^^^^^^^^^^^^^^^^^^^^^^^^^
ValueError: Invalid input features shape: expected an input with shape (1, 80, 3000), but got an input with shape (1, 128, 3000) instead
/usr/local/lib/python3.12/dist-packages/mistune.py:435: SyntaxWarning: invalid escape sequence '\|'
  cells[i][c] = re.sub('\\\\\|', '|', cell)
/usr/local/lib/python3.12/dist-packages/nbconvert/filters/filter_links.py:36: SyntaxWarning: invalid escape sequence '\_'
  text = re.sub(r'_', '\_', text) # Escape underscores in display text
[NbConvertApp] Converting notebook __script__.ipynb to html
[NbConvertApp] Writing 318788 bytes to __results__.html
